(Aged Brie, 0, 0) => name: Aged Brie, sellIn: 0, quality: 1
(Aged Brie, 0, 1) => name: Aged Brie, sellIn: 0, quality: 2
(Aged Brie, 0, 2) => name: Aged Brie, sellIn: 0, quality: 3
(Aged Brie, 0, 3) => name: Aged Brie, sellIn: 0, quality: 4
(Aged Brie, 0, 10) => name: Aged Brie, sellIn: 0, quality: 11
(Aged Brie, 0, 40) => name: Aged Brie, sellIn: 0, quality: 41
(Aged Brie, 0, 48) => name: Aged Brie, sellIn: 0, quality: 49
(Aged Brie, 0, 49) => name: Aged Brie, sellIn: 0, quality: 50
(Aged Brie, 0, 50) => name: Aged Brie, sellIn: 0, quality: 50
(Aged Brie, 0, 80) => name: Aged Brie, sellIn: 0, quality: 80
(Aged Brie, 1, 0) => name: Aged Brie, sellIn: 0, quality: 1
(Aged Brie, 1, 1) => name: Aged Brie, sellIn: 0, quality: 2
(Aged Brie, 1, 2) => name: Aged Brie, sellIn: 0, quality: 3
(Aged Brie, 1, 3) => name: Aged Brie, sellIn: 0, quality: 4
(Aged Brie, 1, 10) => name: Aged Brie, sellIn: 0, quality: 11
(Aged Brie, 1, 40) => name: Aged Brie, sellIn: 0, quality: 41
(Aged Brie, 1, 48) => name: Aged Brie, sellIn: 0, quality: 49
(Aged Brie, 1, 49) => name: Aged Brie, sellIn: 0, quality: 50
(Aged Brie, 1, 50) => name: Aged Brie, sellIn: 0, quality: 50
(Aged Brie, 1, 80) => name: Aged Brie, sellIn: 0, quality: 80
(Aged Brie, 5, 0) => name: Aged Brie, sellIn: 4, quality: 1
(Aged Brie, 5, 1) => name: Aged Brie, sellIn: 4, quality: 2
(Aged Brie, 5, 2) => name: Aged Brie, sellIn: 4, quality: 3
(Aged Brie, 5, 3) => name: Aged Brie, sellIn: 4, quality: 4
(Aged Brie, 5, 10) => name: Aged Brie, sellIn: 4, quality: 11
(Aged Brie, 5, 40) => name: Aged Brie, sellIn: 4, quality: 41
(Aged Brie, 5, 48) => name: Aged Brie, sellIn: 4, quality: 49
(Aged Brie, 5, 49) => name: Aged Brie, sellIn: 4, quality: 50
(Aged Brie, 5, 50) => name: Aged Brie, sellIn: 4, quality: 50
(Aged Brie, 5, 80) => name: Aged Brie, sellIn: 4, quality: 80
(Aged Brie, 10, 0) => name: Aged Brie, sellIn: 9, quality: 1
(Aged Brie, 10, 1) => name: Aged Brie, sellIn: 9, quality: 2
(Aged Brie, 10, 2) => name: Aged Brie, sellIn: 9, quality: 3
(Aged Brie, 10, 3) => name: Aged Brie, sellIn: 9, quality: 4
(Aged Brie, 10, 10) => name: Aged Brie, sellIn: 9, quality: 11
(Aged Brie, 10, 40) => name: Aged Brie, sellIn: 9, quality: 41
(Aged Brie, 10, 48) => name: Aged Brie, sellIn: 9, quality: 49
(Aged Brie, 10, 49) => name: Aged Brie, sellIn: 9, quality: 50
(Aged Brie, 10, 50) => name: Aged Brie, sellIn: 9, quality: 50
(Aged Brie, 10, 80) => name: Aged Brie, sellIn: 9, quality: 80
(Aged Brie, 11, 0) => name: Aged Brie, sellIn: 10, quality: 1
(Aged Brie, 11, 1) => name: Aged Brie, sellIn: 10, quality: 2
(Aged Brie, 11, 2) => name: Aged Brie, sellIn: 10, quality: 3
(Aged Brie, 11, 3) => name: Aged Brie, sellIn: 10, quality: 4
(Aged Brie, 11, 10) => name: Aged Brie, sellIn: 10, quality: 11
(Aged Brie, 11, 40) => name: Aged Brie, sellIn: 10, quality: 41
(Aged Brie, 11, 48) => name: Aged Brie, sellIn: 10, quality: 49
(Aged Brie, 11, 49) => name: Aged Brie, sellIn: 10, quality: 50
(Aged Brie, 11, 50) => name: Aged Brie, sellIn: 10, quality: 50
(Aged Brie, 11, 80) => name: Aged Brie, sellIn: 10, quality: 80
(Aged Brie Cheese, 0, 0) => name: Aged Brie Cheese, sellIn: 0, quality: 0
(Aged Brie Cheese, 0, 1) => name: Aged Brie Cheese, sellIn: 0, quality: 0
(Aged Brie Cheese, 0, 2) => name: Aged Brie Cheese, sellIn: 0, quality: 1
(Aged Brie Cheese, 0, 3) => name: Aged Brie Cheese, sellIn: 0, quality: 2
(Aged Brie Cheese, 0, 10) => name: Aged Brie Cheese, sellIn: 0, quality: 9
(Aged Brie Cheese, 0, 40) => name: Aged Brie Cheese, sellIn: 0, quality: 39
(Aged Brie Cheese, 0, 48) => name: Aged Brie Cheese, sellIn: 0, quality: 47
(Aged Brie Cheese, 0, 49) => name: Aged Brie Cheese, sellIn: 0, quality: 48
(Aged Brie Cheese, 0, 50) => name: Aged Brie Cheese, sellIn: 0, quality: 49
(Aged Brie Cheese, 0, 80) => name: Aged Brie Cheese, sellIn: 0, quality: 79
(Aged Brie Cheese, 1, 0) => name: Aged Brie Cheese, sellIn: 0, quality: 0
(Aged Brie Cheese, 1, 1) => name: Aged Brie Cheese, sellIn: 0, quality: 0
(Aged Brie Cheese, 1, 2) => name: Aged Brie Cheese, sellIn: 0, quality: 1
(Aged Brie Cheese, 1, 3) => name: Aged Brie Cheese, sellIn: 0, quality: 2
(Aged Brie Cheese, 1, 10) => name: Aged Brie Cheese, sellIn: 0, quality: 9
(Aged Brie Cheese, 1, 40) => name: Aged Brie Cheese, sellIn: 0, quality: 39
(Aged Brie Cheese, 1, 48) => name: Aged Brie Cheese, sellIn: 0, quality: 47
(Aged Brie Cheese, 1, 49) => name: Aged Brie Cheese, sellIn: 0, quality: 48
(Aged Brie Cheese, 1, 50) => name: Aged Brie Cheese, sellIn: 0, quality: 49
(Aged Brie Cheese, 1, 80) => name: Aged Brie Cheese, sellIn: 0, quality: 79
(Aged Brie Cheese, 5, 0) => name: Aged Brie Cheese, sellIn: 4, quality: 0
(Aged Brie Cheese, 5, 1) => name: Aged Brie Cheese, sellIn: 4, quality: 0
(Aged Brie Cheese, 5, 2) => name: Aged Brie Cheese, sellIn: 4, quality: 1
(Aged Brie Cheese, 5, 3) => name: Aged Brie Cheese, sellIn: 4, quality: 2
(Aged Brie Cheese, 5, 10) => name: Aged Brie Cheese, sellIn: 4, quality: 9
(Aged Brie Cheese, 5, 40) => name: Aged Brie Cheese, sellIn: 4, quality: 39
(Aged Brie Cheese, 5, 48) => name: Aged Brie Cheese, sellIn: 4, quality: 47
(Aged Brie Cheese, 5, 49) => name: Aged Brie Cheese, sellIn: 4, quality: 48
(Aged Brie Cheese, 5, 50) => name: Aged Brie Cheese, sellIn: 4, quality: 49
(Aged Brie Cheese, 5, 80) => name: Aged Brie Cheese, sellIn: 4, quality: 79
(Aged Brie Cheese, 10, 0) => name: Aged Brie Cheese, sellIn: 9, quality: 0
(Aged Brie Cheese, 10, 1) => name: Aged Brie Cheese, sellIn: 9, quality: 0
(Aged Brie Cheese, 10, 2) => name: Aged Brie Cheese, sellIn: 9, quality: 1
(Aged Brie Cheese, 10, 3) => name: Aged Brie Cheese, sellIn: 9, quality: 2
(Aged Brie Cheese, 10, 10) => name: Aged Brie Cheese, sellIn: 9, quality: 9
(Aged Brie Cheese, 10, 40) => name: Aged Brie Cheese, sellIn: 9, quality: 39
(Aged Brie Cheese, 10, 48) => name: Aged Brie Cheese, sellIn: 9, quality: 47
(Aged Brie Cheese, 10, 49) => name: Aged Brie Cheese, sellIn: 9, quality: 48
(Aged Brie Cheese, 10, 50) => name: Aged Brie Cheese, sellIn: 9, quality: 49
(Aged Brie Cheese, 10, 80) => name: Aged Brie Cheese, sellIn: 9, quality: 79
(Aged Brie Cheese, 11, 0) => name: Aged Brie Cheese, sellIn: 10, quality: 0
(Aged Brie Cheese, 11, 1) => name: Aged Brie Cheese, sellIn: 10, quality: 0
(Aged Brie Cheese, 11, 2) => name: Aged Brie Cheese, sellIn: 10, quality: 1
(Aged Brie Cheese, 11, 3) => name: Aged Brie Cheese, sellIn: 10, quality: 2
(Aged Brie Cheese, 11, 10) => name: Aged Brie Cheese, sellIn: 10, quality: 9
(Aged Brie Cheese, 11, 40) => name: Aged Brie Cheese, sellIn: 10, quality: 39
(Aged Brie Cheese, 11, 48) => name: Aged Brie Cheese, sellIn: 10, quality: 47
(Aged Brie Cheese, 11, 49) => name: Aged Brie Cheese, sellIn: 10, quality: 48
(Aged Brie Cheese, 11, 50) => name: Aged Brie Cheese, sellIn: 10, quality: 49
(Aged Brie Cheese, 11, 80) => name: Aged Brie Cheese, sellIn: 10, quality: 79
(Backstage passes, 0, 0) => name: Backstage passes, sellIn: 0, quality: 0
(Backstage passes, 0, 1) => name: Backstage passes, sellIn: 0, quality: 0
(Backstage passes, 0, 2) => name: Backstage passes, sellIn: 0, quality: 1
(Backstage passes, 0, 3) => name: Backstage passes, sellIn: 0, quality: 2
(Backstage passes, 0, 10) => name: Backstage passes, sellIn: 0, quality: 9
(Backstage passes, 0, 40) => name: Backstage passes, sellIn: 0, quality: 39
(Backstage passes, 0, 48) => name: Backstage passes, sellIn: 0, quality: 47
(Backstage passes, 0, 49) => name: Backstage passes, sellIn: 0, quality: 48
(Backstage passes, 0, 50) => name: Backstage passes, sellIn: 0, quality: 49
(Backstage passes, 0, 80) => name: Backstage passes, sellIn: 0, quality: 79
(Backstage passes, 1, 0) => name: Backstage passes, sellIn: 0, quality: 0
(Backstage passes, 1, 1) => name: Backstage passes, sellIn: 0, quality: 0
(Backstage passes, 1, 2) => name: Backstage passes, sellIn: 0, quality: 1
(Backstage passes, 1, 3) => name: Backstage passes, sellIn: 0, quality: 2
(Backstage passes, 1, 10) => name: Backstage passes, sellIn: 0, quality: 9
(Backstage passes, 1, 40) => name: Backstage passes, sellIn: 0, quality: 39
(Backstage passes, 1, 48) => name: Backstage passes, sellIn: 0, quality: 47
(Backstage passes, 1, 49) => name: Backstage passes, sellIn: 0, quality: 48
(Backstage passes, 1, 50) => name: Backstage passes, sellIn: 0, quality: 49
(Backstage passes, 1, 80) => name: Backstage passes, sellIn: 0, quality: 79
(Backstage passes, 5, 0) => name: Backstage passes, sellIn: 4, quality: 0
(Backstage passes, 5, 1) => name: Backstage passes, sellIn: 4, quality: 0
(Backstage passes, 5, 2) => name: Backstage passes, sellIn: 4, quality: 1
(Backstage passes, 5, 3) => name: Backstage passes, sellIn: 4, quality: 2
(Backstage passes, 5, 10) => name: Backstage passes, sellIn: 4, quality: 9
(Backstage passes, 5, 40) => name: Backstage passes, sellIn: 4, quality: 39
(Backstage passes, 5, 48) => name: Backstage passes, sellIn: 4, quality: 47
(Backstage passes, 5, 49) => name: Backstage passes, sellIn: 4, quality: 48
(Backstage passes, 5, 50) => name: Backstage passes, sellIn: 4, quality: 49
(Backstage passes, 5, 80) => name: Backstage passes, sellIn: 4, quality: 79
(Backstage passes, 10, 0) => name: Backstage passes, sellIn: 9, quality: 0
(Backstage passes, 10, 1) => name: Backstage passes, sellIn: 9, quality: 0
(Backstage passes, 10, 2) => name: Backstage passes, sellIn: 9, quality: 1
(Backstage passes, 10, 3) => name: Backstage passes, sellIn: 9, quality: 2
(Backstage passes, 10, 10) => name: Backstage passes, sellIn: 9, quality: 9
(Backstage passes, 10, 40) => name: Backstage passes, sellIn: 9, quality: 39
(Backstage passes, 10, 48) => name: Backstage passes, sellIn: 9, quality: 47
(Backstage passes, 10, 49) => name: Backstage passes, sellIn: 9, quality: 48
(Backstage passes, 10, 50) => name: Backstage passes, sellIn: 9, quality: 49
(Backstage passes, 10, 80) => name: Backstage passes, sellIn: 9, quality: 79
(Backstage passes, 11, 0) => name: Backstage passes, sellIn: 10, quality: 0
(Backstage passes, 11, 1) => name: Backstage passes, sellIn: 10, quality: 0
(Backstage passes, 11, 2) => name: Backstage passes, sellIn: 10, quality: 1
(Backstage passes, 11, 3) => name: Backstage passes, sellIn: 10, quality: 2
(Backstage passes, 11, 10) => name: Backstage passes, sellIn: 10, quality: 9
(Backstage passes, 11, 40) => name: Backstage passes, sellIn: 10, quality: 39
(Backstage passes, 11, 48) => name: Backstage passes, sellIn: 10, quality: 47
(Backstage passes, 11, 49) => name: Backstage passes, sellIn: 10, quality: 48
(Backstage passes, 11, 50) => name: Backstage passes, sellIn: 10, quality: 49
(Backstage passes, 11, 80) => name: Backstage passes, sellIn: 10, quality: 79
(Backstage passes to a TAFKAL80ETC concert, 0, 0) => name: Backstage passes to a TAFKAL80ETC concert, sellIn: 0, quality: 3
(Backstage passes to a TAFKAL80ETC concert, 0, 1) => name: Backstage passes to a TAFKAL80ETC concert, sellIn: 0, quality: 4
(Backstage passes to a TAFKAL80ETC concert, 0, 2) => name: Backstage passes to a TAFKAL80ETC concert, sellIn: 0, quality: 5
(Backstage passes to a TAFKAL80ETC concert, 0, 3) => name: Backstage passes to a TAFKAL80ETC concert, sellIn: 0, quality: 6
(Backstage passes to a TAFKAL80ETC concert, 0, 10) => name: Backstage passes to a TAFKAL80ETC concert, sellIn: 0, quality: 13
(Backstage passes to a TAFKAL80ETC concert, 0, 40) => name: Backstage passes to a TAFKAL80ETC concert, sellIn: 0, quality: 43
(Backstage passes to a TAFKAL80ETC concert, 0, 48) => name: Backstage passes to a TAFKAL80ETC concert, sellIn: 0, quality: 50
(Backstage passes to a TAFKAL80ETC concert, 0, 49) => name: Backstage passes to a TAFKAL80ETC concert, sellIn: 0, quality: 50
(Backstage passes to a TAFKAL80ETC concert, 0, 50) => name: Backstage passes to a TAFKAL80ETC concert, sellIn: 0, quality: 50
(Backstage passes to a TAFKAL80ETC concert, 0, 80) => name: Backstage passes to a TAFKAL80ETC concert, sellIn: 0, quality: 80
(Backstage passes to a TAFKAL80ETC concert, 1, 0) => name: Backstage passes to a TAFKAL80ETC concert, sellIn: 0, quality: 3
(Backstage passes to a TAFKAL80ETC concert, 1, 1) => name: Backstage passes to a TAFKAL80ETC concert, sellIn: 0, quality: 4
(Backstage passes to a TAFKAL80ETC concert, 1, 2) => name: Backstage passes to a TAFKAL80ETC concert, sellIn: 0, quality: 5
(Backstage passes to a TAFKAL80ETC concert, 1, 3) => name: Backstage passes to a TAFKAL80ETC concert, sellIn: 0, quality: 6
(Backstage passes to a TAFKAL80ETC concert, 1, 10) => name: Backstage passes to a TAFKAL80ETC concert, sellIn: 0, quality: 13
(Backstage passes to a TAFKAL80ETC concert, 1, 40) => name: Backstage passes to a TAFKAL80ETC concert, sellIn: 0, quality: 43
(Backstage passes to a TAFKAL80ETC concert, 1, 48) => name: Backstage passes to a TAFKAL80ETC concert, sellIn: 0, quality: 50
(Backstage passes to a TAFKAL80ETC concert, 1, 49) => name: Backstage passes to a TAFKAL80ETC concert, sellIn: 0, quality: 50
(Backstage passes to a TAFKAL80ETC concert, 1, 50) => name: Backstage passes to a TAFKAL80ETC concert, sellIn: 0, quality: 50
(Backstage passes to a TAFKAL80ETC concert, 1, 80) => name: Backstage passes to a TAFKAL80ETC concert, sellIn: 0, quality: 80
(Backstage passes to a TAFKAL80ETC concert, 5, 0) => name: Backstage passes to a TAFKAL80ETC concert, sellIn: 4, quality: 3
(Backstage passes to a TAFKAL80ETC concert, 5, 1) => name: Backstage passes to a TAFKAL80ETC concert, sellIn: 4, quality: 4
(Backstage passes to a TAFKAL80ETC concert, 5, 2) => name: Backstage passes to a TAFKAL80ETC concert, sellIn: 4, quality: 5
(Backstage passes to a TAFKAL80ETC concert, 5, 3) => name: Backstage passes to a TAFKAL80ETC concert, sellIn: 4, quality: 6
(Backstage passes to a TAFKAL80ETC concert, 5, 10) => name: Backstage passes to a TAFKAL80ETC concert, sellIn: 4, quality: 13
(Backstage passes to a TAFKAL80ETC concert, 5, 40) => name: Backstage passes to a TAFKAL80ETC concert, sellIn: 4, quality: 43
(Backstage passes to a TAFKAL80ETC concert, 5, 48) => name: Backstage passes to a TAFKAL80ETC concert, sellIn: 4, quality: 50
(Backstage passes to a TAFKAL80ETC concert, 5, 49) => name: Backstage passes to a TAFKAL80ETC concert, sellIn: 4, quality: 50
(Backstage passes to a TAFKAL80ETC concert, 5, 50) => name: Backstage passes to a TAFKAL80ETC concert, sellIn: 4, quality: 50
(Backstage passes to a TAFKAL80ETC concert, 5, 80) => name: Backstage passes to a TAFKAL80ETC concert, sellIn: 4, quality: 80
(Backstage passes to a TAFKAL80ETC concert, 10, 0) => name: Backstage passes to a TAFKAL80ETC concert, sellIn: 9, quality: 2
(Backstage passes to a TAFKAL80ETC concert, 10, 1) => name: Backstage passes to a TAFKAL80ETC concert, sellIn: 9, quality: 3
(Backstage passes to a TAFKAL80ETC concert, 10, 2) => name: Backstage passes to a TAFKAL80ETC concert, sellIn: 9, quality: 4
(Backstage passes to a TAFKAL80ETC concert, 10, 3) => name: Backstage passes to a TAFKAL80ETC concert, sellIn: 9, quality: 5
(Backstage passes to a TAFKAL80ETC concert, 10, 10) => name: Backstage passes to a TAFKAL80ETC concert, sellIn: 9, quality: 12
(Backstage passes to a TAFKAL80ETC concert, 10, 40) => name: Backstage passes to a TAFKAL80ETC concert, sellIn: 9, quality: 42
(Backstage passes to a TAFKAL80ETC concert, 10, 48) => name: Backstage passes to a TAFKAL80ETC concert, sellIn: 9, quality: 50
(Backstage passes to a TAFKAL80ETC concert, 10, 49) => name: Backstage passes to a TAFKAL80ETC concert, sellIn: 9, quality: 50
(Backstage passes to a TAFKAL80ETC concert, 10, 50) => name: Backstage passes to a TAFKAL80ETC concert, sellIn: 9, quality: 50
(Backstage passes to a TAFKAL80ETC concert, 10, 80) => name: Backstage passes to a TAFKAL80ETC concert, sellIn: 9, quality: 80
(Backstage passes to a TAFKAL80ETC concert, 11, 0) => name: Backstage passes to a TAFKAL80ETC concert, sellIn: 10, quality: 1
(Backstage passes to a TAFKAL80ETC concert, 11, 1) => name: Backstage passes to a TAFKAL80ETC concert, sellIn: 10, quality: 2
(Backstage passes to a TAFKAL80ETC concert, 11, 2) => name: Backstage passes to a TAFKAL80ETC concert, sellIn: 10, quality: 3
(Backstage passes to a TAFKAL80ETC concert, 11, 3) => name: Backstage passes to a TAFKAL80ETC concert, sellIn: 10, quality: 4
(Backstage passes to a TAFKAL80ETC concert, 11, 10) => name: Backstage passes to a TAFKAL80ETC concert, sellIn: 10, quality: 11
(Backstage passes to a TAFKAL80ETC concert, 11, 40) => name: Backstage passes to a TAFKAL80ETC concert, sellIn: 10, quality: 41
(Backstage passes to a TAFKAL80ETC concert, 11, 48) => name: Backstage passes to a TAFKAL80ETC concert, sellIn: 10, quality: 49
(Backstage passes to a TAFKAL80ETC concert, 11, 49) => name: Backstage passes to a TAFKAL80ETC concert, sellIn: 10, quality: 50
(Backstage passes to a TAFKAL80ETC concert, 11, 50) => name: Backstage passes to a TAFKAL80ETC concert, sellIn: 10, quality: 50
(Backstage passes to a TAFKAL80ETC concert, 11, 80) => name: Backstage passes to a TAFKAL80ETC concert, sellIn: 10, quality: 80
(Bread, 0, 0) => name: Bread, sellIn: 0, quality: 0
(Bread, 0, 1) => name: Bread, sellIn: 0, quality: 0
(Bread, 0, 2) => name: Bread, sellIn: 0, quality: 1
(Bread, 0, 3) => name: Bread, sellIn: 0, quality: 2
(Bread, 0, 10) => name: Bread, sellIn: 0, quality: 9
(Bread, 0, 40) => name: Bread, sellIn: 0, quality: 39
(Bread, 0, 48) => name: Bread, sellIn: 0, quality: 47
(Bread, 0, 49) => name: Bread, sellIn: 0, quality: 48
(Bread, 0, 50) => name: Bread, sellIn: 0, quality: 49
(Bread, 0, 80) => name: Bread, sellIn: 0, quality: 79
(Bread, 1, 0) => name: Bread, sellIn: 0, quality: 0
(Bread, 1, 1) => name: Bread, sellIn: 0, quality: 0
(Bread, 1, 2) => name: Bread, sellIn: 0, quality: 1
(Bread, 1, 3) => name: Bread, sellIn: 0, quality: 2
(Bread, 1, 10) => name: Bread, sellIn: 0, quality: 9
(Bread, 1, 40) => name: Bread, sellIn: 0, quality: 39
(Bread, 1, 48) => name: Bread, sellIn: 0, quality: 47
(Bread, 1, 49) => name: Bread, sellIn: 0, quality: 48
(Bread, 1, 50) => name: Bread, sellIn: 0, quality: 49
(Bread, 1, 80) => name: Bread, sellIn: 0, quality: 79
(Bread, 5, 0) => name: Bread, sellIn: 4, quality: 0
(Bread, 5, 1) => name: Bread, sellIn: 4, quality: 0
(Bread, 5, 2) => name: Bread, sellIn: 4, quality: 1
(Bread, 5, 3) => name: Bread, sellIn: 4, quality: 2
(Bread, 5, 10) => name: Bread, sellIn: 4, quality: 9
(Bread, 5, 40) => name: Bread, sellIn: 4, quality: 39
(Bread, 5, 48) => name: Bread, sellIn: 4, quality: 47
(Bread, 5, 49) => name: Bread, sellIn: 4, quality: 48
(Bread, 5, 50) => name: Bread, sellIn: 4, quality: 49
(Bread, 5, 80) => name: Bread, sellIn: 4, quality: 79
(Bread, 10, 0) => name: Bread, sellIn: 9, quality: 0
(Bread, 10, 1) => name: Bread, sellIn: 9, quality: 0
(Bread, 10, 2) => name: Bread, sellIn: 9, quality: 1
(Bread, 10, 3) => name: Bread, sellIn: 9, quality: 2
(Bread, 10, 10) => name: Bread, sellIn: 9, quality: 9
(Bread, 10, 40) => name: Bread, sellIn: 9, quality: 39
(Bread, 10, 48) => name: Bread, sellIn: 9, quality: 47
(Bread, 10, 49) => name: Bread, sellIn: 9, quality: 48
(Bread, 10, 50) => name: Bread, sellIn: 9, quality: 49
(Bread, 10, 80) => name: Bread, sellIn: 9, quality: 79
(Bread, 11, 0) => name: Bread, sellIn: 10, quality: 0
(Bread, 11, 1) => name: Bread, sellIn: 10, quality: 0
(Bread, 11, 2) => name: Bread, sellIn: 10, quality: 1
(Bread, 11, 3) => name: Bread, sellIn: 10, quality: 2
(Bread, 11, 10) => name: Bread, sellIn: 10, quality: 9
(Bread, 11, 40) => name: Bread, sellIn: 10, quality: 39
(Bread, 11, 48) => name: Bread, sellIn: 10, quality: 47
(Bread, 11, 49) => name: Bread, sellIn: 10, quality: 48
(Bread, 11, 50) => name: Bread, sellIn: 10, quality: 49
(Bread, 11, 80) => name: Bread, sellIn: 10, quality: 79
(Water, 0, 0) => name: Water, sellIn: 0, quality: 0
(Water, 0, 1) => name: Water, sellIn: 0, quality: 0
(Water, 0, 2) => name: Water, sellIn: 0, quality: 1
(Water, 0, 3) => name: Water, sellIn: 0, quality: 2
(Water, 0, 10) => name: Water, sellIn: 0, quality: 9
(Water, 0, 40) => name: Water, sellIn: 0, quality: 39
(Water, 0, 48) => name: Water, sellIn: 0, quality: 47
(Water, 0, 49) => name: Water, sellIn: 0, quality: 48
(Water, 0, 50) => name: Water, sellIn: 0, quality: 49
(Water, 0, 80) => name: Water, sellIn: 0, quality: 79
(Water, 1, 0) => name: Water, sellIn: 0, quality: 0
(Water, 1, 1) => name: Water, sellIn: 0, quality: 0
(Water, 1, 2) => name: Water, sellIn: 0, quality: 1
(Water, 1, 3) => name: Water, sellIn: 0, quality: 2
(Water, 1, 10) => name: Water, sellIn: 0, quality: 9
(Water, 1, 40) => name: Water, sellIn: 0, quality: 39
(Water, 1, 48) => name: Water, sellIn: 0, quality: 47
(Water, 1, 49) => name: Water, sellIn: 0, quality: 48
(Water, 1, 50) => name: Water, sellIn: 0, quality: 49
(Water, 1, 80) => name: Water, sellIn: 0, quality: 79
(Water, 5, 0) => name: Water, sellIn: 4, quality: 0
(Water, 5, 1) => name: Water, sellIn: 4, quality: 0
(Water, 5, 2) => name: Water, sellIn: 4, quality: 1
(Water, 5, 3) => name: Water, sellIn: 4, quality: 2
(Water, 5, 10) => name: Water, sellIn: 4, quality: 9
(Water, 5, 40) => name: Water, sellIn: 4, quality: 39
(Water, 5, 48) => name: Water, sellIn: 4, quality: 47
(Water, 5, 49) => name: Water, sellIn: 4, quality: 48
(Water, 5, 50) => name: Water, sellIn: 4, quality: 49
(Water, 5, 80) => name: Water, sellIn: 4, quality: 79
(Water, 10, 0) => name: Water, sellIn: 9, quality: 0
(Water, 10, 1) => name: Water, sellIn: 9, quality: 0
(Water, 10, 2) => name: Water, sellIn: 9, quality: 1
(Water, 10, 3) => name: Water, sellIn: 9, quality: 2
(Water, 10, 10) => name: Water, sellIn: 9, quality: 9
(Water, 10, 40) => name: Water, sellIn: 9, quality: 39
(Water, 10, 48) => name: Water, sellIn: 9, quality: 47
(Water, 10, 49) => name: Water, sellIn: 9, quality: 48
(Water, 10, 50) => name: Water, sellIn: 9, quality: 49
(Water, 10, 80) => name: Water, sellIn: 9, quality: 79
(Water, 11, 0) => name: Water, sellIn: 10, quality: 0
(Water, 11, 1) => name: Water, sellIn: 10, quality: 0
(Water, 11, 2) => name: Water, sellIn: 10, quality: 1
(Water, 11, 3) => name: Water, sellIn: 10, quality: 2
(Water, 11, 10) => name: Water, sellIn: 10, quality: 9
(Water, 11, 40) => name: Water, sellIn: 10, quality: 39
(Water, 11, 48) => name: Water, sellIn: 10, quality: 47
(Water, 11, 49) => name: Water, sellIn: 10, quality: 48
(Water, 11, 50) => name: Water, sellIn: 10, quality: 49
(Water, 11, 80) => name: Water, sellIn: 10, quality: 79
(Conjured, 0, 0) => name: Conjured, sellIn: 0, quality: 0
(Conjured, 0, 1) => name: Conjured, sellIn: 0, quality: 0
(Conjured, 0, 2) => name: Conjured, sellIn: 0, quality: 1
(Conjured, 0, 3) => name: Conjured, sellIn: 0, quality: 2
(Conjured, 0, 10) => name: Conjured, sellIn: 0, quality: 9
(Conjured, 0, 40) => name: Conjured, sellIn: 0, quality: 39
(Conjured, 0, 48) => name: Conjured, sellIn: 0, quality: 47
(Conjured, 0, 49) => name: Conjured, sellIn: 0, quality: 48
(Conjured, 0, 50) => name: Conjured, sellIn: 0, quality: 49
(Conjured, 0, 80) => name: Conjured, sellIn: 0, quality: 79
(Conjured, 1, 0) => name: Conjured, sellIn: 0, quality: 0
(Conjured, 1, 1) => name: Conjured, sellIn: 0, quality: 0
(Conjured, 1, 2) => name: Conjured, sellIn: 0, quality: 1
(Conjured, 1, 3) => name: Conjured, sellIn: 0, quality: 2
(Conjured, 1, 10) => name: Conjured, sellIn: 0, quality: 9
(Conjured, 1, 40) => name: Conjured, sellIn: 0, quality: 39
(Conjured, 1, 48) => name: Conjured, sellIn: 0, quality: 47
(Conjured, 1, 49) => name: Conjured, sellIn: 0, quality: 48
(Conjured, 1, 50) => name: Conjured, sellIn: 0, quality: 49
(Conjured, 1, 80) => name: Conjured, sellIn: 0, quality: 79
(Conjured, 5, 0) => name: Conjured, sellIn: 4, quality: 0
(Conjured, 5, 1) => name: Conjured, sellIn: 4, quality: 0
(Conjured, 5, 2) => name: Conjured, sellIn: 4, quality: 1
(Conjured, 5, 3) => name: Conjured, sellIn: 4, quality: 2
(Conjured, 5, 10) => name: Conjured, sellIn: 4, quality: 9
(Conjured, 5, 40) => name: Conjured, sellIn: 4, quality: 39
(Conjured, 5, 48) => name: Conjured, sellIn: 4, quality: 47
(Conjured, 5, 49) => name: Conjured, sellIn: 4, quality: 48
(Conjured, 5, 50) => name: Conjured, sellIn: 4, quality: 49
(Conjured, 5, 80) => name: Conjured, sellIn: 4, quality: 79
(Conjured, 10, 0) => name: Conjured, sellIn: 9, quality: 0
(Conjured, 10, 1) => name: Conjured, sellIn: 9, quality: 0
(Conjured, 10, 2) => name: Conjured, sellIn: 9, quality: 1
(Conjured, 10, 3) => name: Conjured, sellIn: 9, quality: 2
(Conjured, 10, 10) => name: Conjured, sellIn: 9, quality: 9
(Conjured, 10, 40) => name: Conjured, sellIn: 9, quality: 39
(Conjured, 10, 48) => name: Conjured, sellIn: 9, quality: 47
(Conjured, 10, 49) => name: Conjured, sellIn: 9, quality: 48
(Conjured, 10, 50) => name: Conjured, sellIn: 9, quality: 49
(Conjured, 10, 80) => name: Conjured, sellIn: 9, quality: 79
(Conjured, 11, 0) => name: Conjured, sellIn: 10, quality: 0
(Conjured, 11, 1) => name: Conjured, sellIn: 10, quality: 0
(Conjured, 11, 2) => name: Conjured, sellIn: 10, quality: 1
(Conjured, 11, 3) => name: Conjured, sellIn: 10, quality: 2
(Conjured, 11, 10) => name: Conjured, sellIn: 10, quality: 9
(Conjured, 11, 40) => name: Conjured, sellIn: 10, quality: 39
(Conjured, 11, 48) => name: Conjured, sellIn: 10, quality: 47
(Conjured, 11, 49) => name: Conjured, sellIn: 10, quality: 48
(Conjured, 11, 50) => name: Conjured, sellIn: 10, quality: 49
(Conjured, 11, 80) => name: Conjured, sellIn: 10, quality: 79
(Conjured Ring, 0, 0) => name: Conjured Ring, sellIn: 0, quality: 0
(Conjured Ring, 0, 1) => name: Conjured Ring, sellIn: 0, quality: 0
(Conjured Ring, 0, 2) => name: Conjured Ring, sellIn: 0, quality: 1
(Conjured Ring, 0, 3) => name: Conjured Ring, sellIn: 0, quality: 2
(Conjured Ring, 0, 10) => name: Conjured Ring, sellIn: 0, quality: 9
(Conjured Ring, 0, 40) => name: Conjured Ring, sellIn: 0, quality: 39
(Conjured Ring, 0, 48) => name: Conjured Ring, sellIn: 0, quality: 47
(Conjured Ring, 0, 49) => name: Conjured Ring, sellIn: 0, quality: 48
(Conjured Ring, 0, 50) => name: Conjured Ring, sellIn: 0, quality: 49
(Conjured Ring, 0, 80) => name: Conjured Ring, sellIn: 0, quality: 79
(Conjured Ring, 1, 0) => name: Conjured Ring, sellIn: 0, quality: 0
(Conjured Ring, 1, 1) => name: Conjured Ring, sellIn: 0, quality: 0
(Conjured Ring, 1, 2) => name: Conjured Ring, sellIn: 0, quality: 1
(Conjured Ring, 1, 3) => name: Conjured Ring, sellIn: 0, quality: 2
(Conjured Ring, 1, 10) => name: Conjured Ring, sellIn: 0, quality: 9
(Conjured Ring, 1, 40) => name: Conjured Ring, sellIn: 0, quality: 39
(Conjured Ring, 1, 48) => name: Conjured Ring, sellIn: 0, quality: 47
(Conjured Ring, 1, 49) => name: Conjured Ring, sellIn: 0, quality: 48
(Conjured Ring, 1, 50) => name: Conjured Ring, sellIn: 0, quality: 49
(Conjured Ring, 1, 80) => name: Conjured Ring, sellIn: 0, quality: 79
(Conjured Ring, 5, 0) => name: Conjured Ring, sellIn: 4, quality: 0
(Conjured Ring, 5, 1) => name: Conjured Ring, sellIn: 4, quality: 0
(Conjured Ring, 5, 2) => name: Conjured Ring, sellIn: 4, quality: 1
(Conjured Ring, 5, 3) => name: Conjured Ring, sellIn: 4, quality: 2
(Conjured Ring, 5, 10) => name: Conjured Ring, sellIn: 4, quality: 9
(Conjured Ring, 5, 40) => name: Conjured Ring, sellIn: 4, quality: 39
(Conjured Ring, 5, 48) => name: Conjured Ring, sellIn: 4, quality: 47
(Conjured Ring, 5, 49) => name: Conjured Ring, sellIn: 4, quality: 48
(Conjured Ring, 5, 50) => name: Conjured Ring, sellIn: 4, quality: 49
(Conjured Ring, 5, 80) => name: Conjured Ring, sellIn: 4, quality: 79
(Conjured Ring, 10, 0) => name: Conjured Ring, sellIn: 9, quality: 0
(Conjured Ring, 10, 1) => name: Conjured Ring, sellIn: 9, quality: 0
(Conjured Ring, 10, 2) => name: Conjured Ring, sellIn: 9, quality: 1
(Conjured Ring, 10, 3) => name: Conjured Ring, sellIn: 9, quality: 2
(Conjured Ring, 10, 10) => name: Conjured Ring, sellIn: 9, quality: 9
(Conjured Ring, 10, 40) => name: Conjured Ring, sellIn: 9, quality: 39
(Conjured Ring, 10, 48) => name: Conjured Ring, sellIn: 9, quality: 47
(Conjured Ring, 10, 49) => name: Conjured Ring, sellIn: 9, quality: 48
(Conjured Ring, 10, 50) => name: Conjured Ring, sellIn: 9, quality: 49
(Conjured Ring, 10, 80) => name: Conjured Ring, sellIn: 9, quality: 79
(Conjured Ring, 11, 0) => name: Conjured Ring, sellIn: 10, quality: 0
(Conjured Ring, 11, 1) => name: Conjured Ring, sellIn: 10, quality: 0
(Conjured Ring, 11, 2) => name: Conjured Ring, sellIn: 10, quality: 1
(Conjured Ring, 11, 3) => name: Conjured Ring, sellIn: 10, quality: 2
(Conjured Ring, 11, 10) => name: Conjured Ring, sellIn: 10, quality: 9
(Conjured Ring, 11, 40) => name: Conjured Ring, sellIn: 10, quality: 39
(Conjured Ring, 11, 48) => name: Conjured Ring, sellIn: 10, quality: 47
(Conjured Ring, 11, 49) => name: Conjured Ring, sellIn: 10, quality: 48
(Conjured Ring, 11, 50) => name: Conjured Ring, sellIn: 10, quality: 49
(Conjured Ring, 11, 80) => name: Conjured Ring, sellIn: 10, quality: 79
(Sulfuras, 0, 0) => name: Sulfuras, sellIn: 0, quality: 0
(Sulfuras, 0, 1) => name: Sulfuras, sellIn: 0, quality: 0
(Sulfuras, 0, 2) => name: Sulfuras, sellIn: 0, quality: 1
(Sulfuras, 0, 3) => name: Sulfuras, sellIn: 0, quality: 2
(Sulfuras, 0, 10) => name: Sulfuras, sellIn: 0, quality: 9
(Sulfuras, 0, 40) => name: Sulfuras, sellIn: 0, quality: 39
(Sulfuras, 0, 48) => name: Sulfuras, sellIn: 0, quality: 47
(Sulfuras, 0, 49) => name: Sulfuras, sellIn: 0, quality: 48
(Sulfuras, 0, 50) => name: Sulfuras, sellIn: 0, quality: 49
(Sulfuras, 0, 80) => name: Sulfuras, sellIn: 0, quality: 79
(Sulfuras, 1, 0) => name: Sulfuras, sellIn: 0, quality: 0
(Sulfuras, 1, 1) => name: Sulfuras, sellIn: 0, quality: 0
(Sulfuras, 1, 2) => name: Sulfuras, sellIn: 0, quality: 1
(Sulfuras, 1, 3) => name: Sulfuras, sellIn: 0, quality: 2
(Sulfuras, 1, 10) => name: Sulfuras, sellIn: 0, quality: 9
(Sulfuras, 1, 40) => name: Sulfuras, sellIn: 0, quality: 39
(Sulfuras, 1, 48) => name: Sulfuras, sellIn: 0, quality: 47
(Sulfuras, 1, 49) => name: Sulfuras, sellIn: 0, quality: 48
(Sulfuras, 1, 50) => name: Sulfuras, sellIn: 0, quality: 49
(Sulfuras, 1, 80) => name: Sulfuras, sellIn: 0, quality: 79
(Sulfuras, 5, 0) => name: Sulfuras, sellIn: 4, quality: 0
(Sulfuras, 5, 1) => name: Sulfuras, sellIn: 4, quality: 0
(Sulfuras, 5, 2) => name: Sulfuras, sellIn: 4, quality: 1
(Sulfuras, 5, 3) => name: Sulfuras, sellIn: 4, quality: 2
(Sulfuras, 5, 10) => name: Sulfuras, sellIn: 4, quality: 9
(Sulfuras, 5, 40) => name: Sulfuras, sellIn: 4, quality: 39
(Sulfuras, 5, 48) => name: Sulfuras, sellIn: 4, quality: 47
(Sulfuras, 5, 49) => name: Sulfuras, sellIn: 4, quality: 48
(Sulfuras, 5, 50) => name: Sulfuras, sellIn: 4, quality: 49
(Sulfuras, 5, 80) => name: Sulfuras, sellIn: 4, quality: 79
(Sulfuras, 10, 0) => name: Sulfuras, sellIn: 9, quality: 0
(Sulfuras, 10, 1) => name: Sulfuras, sellIn: 9, quality: 0
(Sulfuras, 10, 2) => name: Sulfuras, sellIn: 9, quality: 1
(Sulfuras, 10, 3) => name: Sulfuras, sellIn: 9, quality: 2
(Sulfuras, 10, 10) => name: Sulfuras, sellIn: 9, quality: 9
(Sulfuras, 10, 40) => name: Sulfuras, sellIn: 9, quality: 39
(Sulfuras, 10, 48) => name: Sulfuras, sellIn: 9, quality: 47
(Sulfuras, 10, 49) => name: Sulfuras, sellIn: 9, quality: 48
(Sulfuras, 10, 50) => name: Sulfuras, sellIn: 9, quality: 49
(Sulfuras, 10, 80) => name: Sulfuras, sellIn: 9, quality: 79
(Sulfuras, 11, 0) => name: Sulfuras, sellIn: 10, quality: 0
(Sulfuras, 11, 1) => name: Sulfuras, sellIn: 10, quality: 0
(Sulfuras, 11, 2) => name: Sulfuras, sellIn: 10, quality: 1
(Sulfuras, 11, 3) => name: Sulfuras, sellIn: 10, quality: 2
(Sulfuras, 11, 10) => name: Sulfuras, sellIn: 10, quality: 9
(Sulfuras, 11, 40) => name: Sulfuras, sellIn: 10, quality: 39
(Sulfuras, 11, 48) => name: Sulfuras, sellIn: 10, quality: 47
(Sulfuras, 11, 49) => name: Sulfuras, sellIn: 10, quality: 48
(Sulfuras, 11, 50) => name: Sulfuras, sellIn: 10, quality: 49
(Sulfuras, 11, 80) => name: Sulfuras, sellIn: 10, quality: 79
(Sulfuras, Hand of Ragnaros, 0, 0) => name: Sulfuras, Hand of Ragnaros, sellIn: 0, quality: 0
(Sulfuras, Hand of Ragnaros, 0, 1) => name: Sulfuras, Hand of Ragnaros, sellIn: 0, quality: 1
(Sulfuras, Hand of Ragnaros, 0, 2) => name: Sulfuras, Hand of Ragnaros, sellIn: 0, quality: 2
(Sulfuras, Hand of Ragnaros, 0, 3) => name: Sulfuras, Hand of Ragnaros, sellIn: 0, quality: 3
(Sulfuras, Hand of Ragnaros, 0, 10) => name: Sulfuras, Hand of Ragnaros, sellIn: 0, quality: 10
(Sulfuras, Hand of Ragnaros, 0, 40) => name: Sulfuras, Hand of Ragnaros, sellIn: 0, quality: 40
(Sulfuras, Hand of Ragnaros, 0, 48) => name: Sulfuras, Hand of Ragnaros, sellIn: 0, quality: 48
(Sulfuras, Hand of Ragnaros, 0, 49) => name: Sulfuras, Hand of Ragnaros, sellIn: 0, quality: 49
(Sulfuras, Hand of Ragnaros, 0, 50) => name: Sulfuras, Hand of Ragnaros, sellIn: 0, quality: 50
(Sulfuras, Hand of Ragnaros, 0, 80) => name: Sulfuras, Hand of Ragnaros, sellIn: 0, quality: 80
(Sulfuras, Hand of Ragnaros, 1, 0) => name: Sulfuras, Hand of Ragnaros, sellIn: 1, quality: 0
(Sulfuras, Hand of Ragnaros, 1, 1) => name: Sulfuras, Hand of Ragnaros, sellIn: 1, quality: 1
(Sulfuras, Hand of Ragnaros, 1, 2) => name: Sulfuras, Hand of Ragnaros, sellIn: 1, quality: 2
(Sulfuras, Hand of Ragnaros, 1, 3) => name: Sulfuras, Hand of Ragnaros, sellIn: 1, quality: 3
(Sulfuras, Hand of Ragnaros, 1, 10) => name: Sulfuras, Hand of Ragnaros, sellIn: 1, quality: 10
(Sulfuras, Hand of Ragnaros, 1, 40) => name: Sulfuras, Hand of Ragnaros, sellIn: 1, quality: 40
(Sulfuras, Hand of Ragnaros, 1, 48) => name: Sulfuras, Hand of Ragnaros, sellIn: 1, quality: 48
(Sulfuras, Hand of Ragnaros, 1, 49) => name: Sulfuras, Hand of Ragnaros, sellIn: 1, quality: 49
(Sulfuras, Hand of Ragnaros, 1, 50) => name: Sulfuras, Hand of Ragnaros, sellIn: 1, quality: 50
(Sulfuras, Hand of Ragnaros, 1, 80) => name: Sulfuras, Hand of Ragnaros, sellIn: 1, quality: 80
(Sulfuras, Hand of Ragnaros, 5, 0) => name: Sulfuras, Hand of Ragnaros, sellIn: 5, quality: 0
(Sulfuras, Hand of Ragnaros, 5, 1) => name: Sulfuras, Hand of Ragnaros, sellIn: 5, quality: 1
(Sulfuras, Hand of Ragnaros, 5, 2) => name: Sulfuras, Hand of Ragnaros, sellIn: 5, quality: 2
(Sulfuras, Hand of Ragnaros, 5, 3) => name: Sulfuras, Hand of Ragnaros, sellIn: 5, quality: 3
(Sulfuras, Hand of Ragnaros, 5, 10) => name: Sulfuras, Hand of Ragnaros, sellIn: 5, quality: 10
(Sulfuras, Hand of Ragnaros, 5, 40) => name: Sulfuras, Hand of Ragnaros, sellIn: 5, quality: 40
(Sulfuras, Hand of Ragnaros, 5, 48) => name: Sulfuras, Hand of Ragnaros, sellIn: 5, quality: 48
(Sulfuras, Hand of Ragnaros, 5, 49) => name: Sulfuras, Hand of Ragnaros, sellIn: 5, quality: 49
(Sulfuras, Hand of Ragnaros, 5, 50) => name: Sulfuras, Hand of Ragnaros, sellIn: 5, quality: 50
(Sulfuras, Hand of Ragnaros, 5, 80) => name: Sulfuras, Hand of Ragnaros, sellIn: 5, quality: 80
(Sulfuras, Hand of Ragnaros, 10, 0) => name: Sulfuras, Hand of Ragnaros, sellIn: 10, quality: 0
(Sulfuras, Hand of Ragnaros, 10, 1) => name: Sulfuras, Hand of Ragnaros, sellIn: 10, quality: 1
(Sulfuras, Hand of Ragnaros, 10, 2) => name: Sulfuras, Hand of Ragnaros, sellIn: 10, quality: 2
(Sulfuras, Hand of Ragnaros, 10, 3) => name: Sulfuras, Hand of Ragnaros, sellIn: 10, quality: 3
(Sulfuras, Hand of Ragnaros, 10, 10) => name: Sulfuras, Hand of Ragnaros, sellIn: 10, quality: 10
(Sulfuras, Hand of Ragnaros, 10, 40) => name: Sulfuras, Hand of Ragnaros, sellIn: 10, quality: 40
(Sulfuras, Hand of Ragnaros, 10, 48) => name: Sulfuras, Hand of Ragnaros, sellIn: 10, quality: 48
(Sulfuras, Hand of Ragnaros, 10, 49) => name: Sulfuras, Hand of Ragnaros, sellIn: 10, quality: 49
(Sulfuras, Hand of Ragnaros, 10, 50) => name: Sulfuras, Hand of Ragnaros, sellIn: 10, quality: 50
(Sulfuras, Hand of Ragnaros, 10, 80) => name: Sulfuras, Hand of Ragnaros, sellIn: 10, quality: 80
(Sulfuras, Hand of Ragnaros, 11, 0) => name: Sulfuras, Hand of Ragnaros, sellIn: 11, quality: 0
(Sulfuras, Hand of Ragnaros, 11, 1) => name: Sulfuras, Hand of Ragnaros, sellIn: 11, quality: 1
(Sulfuras, Hand of Ragnaros, 11, 2) => name: Sulfuras, Hand of Ragnaros, sellIn: 11, quality: 2
(Sulfuras, Hand of Ragnaros, 11, 3) => name: Sulfuras, Hand of Ragnaros, sellIn: 11, quality: 3
(Sulfuras, Hand of Ragnaros, 11, 10) => name: Sulfuras, Hand of Ragnaros, sellIn: 11, quality: 10
(Sulfuras, Hand of Ragnaros, 11, 40) => name: Sulfuras, Hand of Ragnaros, sellIn: 11, quality: 40
(Sulfuras, Hand of Ragnaros, 11, 48) => name: Sulfuras, Hand of Ragnaros, sellIn: 11, quality: 48
(Sulfuras, Hand of Ragnaros, 11, 49) => name: Sulfuras, Hand of Ragnaros, sellIn: 11, quality: 49
(Sulfuras, Hand of Ragnaros, 11, 50) => name: Sulfuras, Hand of Ragnaros, sellIn: 11, quality: 50
(Sulfuras, Hand of Ragnaros, 11, 80) => name: Sulfuras, Hand of Ragnaros, sellIn: 11, quality: 80

